// Jest Snapshot v1, https://goo.gl/fbAQLP

exports[`API /stored-data get returns stored data from owned course 1`] = `
Array [
  Object {
    "completions": Array [
      Object {
        "certificate_id": null,
        "completion_date": "1900-01-01T08:00:00.000Z",
        "completion_language": null,
        "completion_registration_attempt_date": null,
        "course_id": "00000000-0000-0000-0000-000000000001",
        "created_at": "1900-01-01T08:00:00.000Z",
        "eligible_for_ects": true,
        "email": "e@mail.com",
        "grade": null,
        "id": "30000000-0000-0000-0000-000000000103",
        "student_number": null,
        "tier": null,
        "updated_at": "1900-01-01T08:00:00.000Z",
        "user_id": "20000000-0000-0000-0000-000000000102",
        "user_upstream_id": 1,
      },
    ],
    "storedData": Object {
      "course_id": "00000000-0000-0000-0000-000000000001",
      "created_at": "1900-01-01T08:00:00.000Z",
      "data": "user1_foo",
      "updated_at": "1900-01-01T08:00:00.000Z",
      "user_id": "20000000-0000-0000-0000-000000000102",
    },
    "user": Object {
      "administrator": false,
      "created_at": "1900-01-01T08:00:00.000Z",
      "email": "e@mail.com",
      "first_name": null,
      "id": "20000000-0000-0000-0000-000000000102",
      "last_name": null,
      "real_student_number": null,
      "research_consent": null,
      "student_number": null,
      "updated_at": "1900-01-01T08:00:00.000Z",
      "upstream_id": 1,
      "username": "existing_user",
    },
  },
]
`;
